// Jest Snapshot v1, https://goo.gl/fbAQLP

exports[`Layout renders children correctly 1`] = `
<div
  className="pageContainer"
>
  <div
    className=""
  >
    <div
      className="child"
    />
  </div>
</div>
`;
